<?xml version="1.0" ?>
<testsuite name="ubi-stage8-detection-engineering" tests="36" failures="0" errors="0" time="0">
  <testcase name="P-DET-01" classname="fixtures"/>
  <testcase name="P-DET-02" classname="fixtures"/>
  <testcase name="P-DET-03" classname="fixtures"/>
  <testcase name="P-DET-04" classname="fixtures"/>
  <testcase name="P-DET-05" classname="fixtures"/>
  <testcase name="P-DET-06" classname="fixtures"/>
  <testcase name="P-DET-07" classname="fixtures"/>
  <testcase name="P-DET-08" classname="fixtures"/>
  <testcase name="P-DET-09" classname="fixtures"/>
  <testcase name="P-DET-10" classname="fixtures"/>
  <testcase name="P-DET-11" classname="fixtures"/>
  <testcase name="P-DET-12" classname="fixtures"/>
  <testcase name="P-DET-13" classname="fixtures"/>
  <testcase name="P-DET-14" classname="fixtures"/>
  <testcase name="P-DET-15" classname="fixtures"/>
  <testcase name="P-DET-16" classname="fixtures"/>
  <testcase name="P-DET-17" classname="fixtures"/>
  <testcase name="P-DET-18" classname="fixtures"/>
  <testcase name="P-DET-19" classname="fixtures"/>
  <testcase name="P-DET-20" classname="fixtures"/>
  <testcase name="P-DET-21" classname="fixtures"/>
  <testcase name="P-DET-22" classname="fixtures"/>
  <testcase name="P-DET-23" classname="fixtures"/>
  <testcase name="P-DET-24" classname="fixtures"/>
  <testcase name="P-DET-25" classname="fixtures"/>
  <testcase name="P-DET-26" classname="fixtures"/>
  <testcase name="P-DET-27" classname="fixtures"/>
  <testcase name="P-DET-28" classname="fixtures"/>
  <testcase name="P-DET-29" classname="fixtures"/>
  <testcase name="P-DET-30" classname="fixtures"/>
  <testcase name="P-DET-31" classname="fixtures"/>
  <testcase name="P-DET-32" classname="fixtures"/>
  <testcase name="P-DET-33" classname="fixtures"/>
  <testcase name="P-DET-34" classname="fixtures"/>
  <testcase name="P-DET-35" classname="fixtures"/>
  <testcase name="P-DET-36" classname="fixtures"/>
</testsuite>
